// Jest Snapshot v1, https://goo.gl/fbAQLP

exports[`App initial dom content renders wrapper 1`] = `ShallowWrapper {}`;
